// Jest Snapshot v1, https://goo.gl/fbAQLP

exports[`should render ExpenseList with expenses 1`] = `
<div>
  <h1>
    ExpenseList
  </h1>
  <ExpenseListItem
    amount={1}
    createdAt={0}
    description="first"
    id="1"
    key="1"
    note=""
  />
  <ExpenseListItem
    amount={100}
    createdAt={-345600000}
    description="second"
    id="2"
    key="2"
    note=""
  />
  <ExpenseListItem
    amount={1000000}
    createdAt={345600000}
    description="third"
    id="3"
    key="3"
    note=""
  />
</div>
`;
