// Jest Snapshot v1, https://goo.gl/fbAQLP

exports[`should match the snapshot ExoenseListItem  1`] = `
<div>
  <Link
    to="/edit/1"
  >
    <h3>
      fijjjjjjjjrst
    </h3>
  </Link>
  <p>
    1
    -
    0
  </p>
</div>
`;
